Archive member included to satisfy reference by file (symbol)

c:/st/stm32cubeide_1.12.1/stm32cubeide/plugins/com.st.stm32cube.ide.mcu.externaltools.gnu-tools-for-stm32.10.3-2021.10.win32_1.0.200.202301161003/tools/bin/../lib/gcc/arm-none-eabi/10.3.1/../../../../arm-none-eabi/lib/thumb/v7-m/nofp\libc_nano.a(lib_a-errno.o)
                              ./Core/Src/syscalls.o (__errno)
c:/st/stm32cubeide_1.12.1/stm32cubeide/plugins/com.st.stm32cube.ide.mcu.externaltools.gnu-tools-for-stm32.10.3-2021.10.win32_1.0.200.202301161003/tools/bin/../lib/gcc/arm-none-eabi/10.3.1/../../../../arm-none-eabi/lib/thumb/v7-m/nofp\libc_nano.a(lib_a-exit.o)
                              c:/st/stm32cubeide_1.12.1/stm32cubeide/plugins/com.st.stm32cube.ide.mcu.externaltools.gnu-tools-for-stm32.10.3-2021.10.win32_1.0.200.202301161003/tools/bin/../lib/gcc/arm-none-eabi/10.3.1/../../../../arm-none-eabi/lib/thumb/v7-m/nofp/crt0.o (exit)
c:/st/stm32cubeide_1.12.1/stm32cubeide/plugins/com.st.stm32cube.ide.mcu.externaltools.gnu-tools-for-stm32.10.3-2021.10.win32_1.0.200.202301161003/tools/bin/../lib/gcc/arm-none-eabi/10.3.1/../../../../arm-none-eabi/lib/thumb/v7-m/nofp\libc_nano.a(lib_a-impure.o)
                              c:/st/stm32cubeide_1.12.1/stm32cubeide/plugins/com.st.stm32cube.ide.mcu.externaltools.gnu-tools-for-stm32.10.3-2021.10.win32_1.0.200.202301161003/tools/bin/../lib/gcc/arm-none-eabi/10.3.1/../../../../arm-none-eabi/lib/thumb/v7-m/nofp\libc_nano.a(lib_a-exit.o) (_global_impure_ptr)
c:/st/stm32cubeide_1.12.1/stm32cubeide/plugins/com.st.stm32cube.ide.mcu.externaltools.gnu-tools-for-stm32.10.3-2021.10.win32_1.0.200.202301161003/tools/bin/../lib/gcc/arm-none-eabi/10.3.1/../../../../arm-none-eabi/lib/thumb/v7-m/nofp\libc_nano.a(lib_a-init.o)
                              c:/st/stm32cubeide_1.12.1/stm32cubeide/plugins/com.st.stm32cube.ide.mcu.externaltools.gnu-tools-for-stm32.10.3-2021.10.win32_1.0.200.202301161003/tools/bin/../lib/gcc/arm-none-eabi/10.3.1/../../../../arm-none-eabi/lib/thumb/v7-m/nofp/crt0.o (__libc_init_array)
c:/st/stm32cubeide_1.12.1/stm32cubeide/plugins/com.st.stm32cube.ide.mcu.externaltools.gnu-tools-for-stm32.10.3-2021.10.win32_1.0.200.202301161003/tools/bin/../lib/gcc/arm-none-eabi/10.3.1/../../../../arm-none-eabi/lib/thumb/v7-m/nofp\libc_nano.a(lib_a-memset.o)
                              c:/st/stm32cubeide_1.12.1/stm32cubeide/plugins/com.st.stm32cube.ide.mcu.externaltools.gnu-tools-for-stm32.10.3-2021.10.win32_1.0.200.202301161003/tools/bin/../lib/gcc/arm-none-eabi/10.3.1/../../../../arm-none-eabi/lib/thumb/v7-m/nofp/crt0.o (memset)
c:/st/stm32cubeide_1.12.1/stm32cubeide/plugins/com.st.stm32cube.ide.mcu.externaltools.gnu-tools-for-stm32.10.3-2021.10.win32_1.0.200.202301161003/tools/bin/../lib/gcc/arm-none-eabi/10.3.1/thumb/v7-m/nofp\libgcc.a(_arm_muldf3.o)
                              ./Core/Src/main.o (__aeabi_dmul)
c:/st/stm32cubeide_1.12.1/stm32cubeide/plugins/com.st.stm32cube.ide.mcu.externaltools.gnu-tools-for-stm32.10.3-2021.10.win32_1.0.200.202301161003/tools/bin/../lib/gcc/arm-none-eabi/10.3.1/thumb/v7-m/nofp\libgcc.a(_arm_mulsf3.o)
                              ./Core/Src/main.o (__aeabi_fmul)
c:/st/stm32cubeide_1.12.1/stm32cubeide/plugins/com.st.stm32cube.ide.mcu.externaltools.gnu-tools-for-stm32.10.3-2021.10.win32_1.0.200.202301161003/tools/bin/../lib/gcc/arm-none-eabi/10.3.1/thumb/v7-m/nofp\libgcc.a(_arm_addsubdf3.o)
                              ./Core/Src/main.o (__aeabi_dadd)
c:/st/stm32cubeide_1.12.1/stm32cubeide/plugins/com.st.stm32cube.ide.mcu.externaltools.gnu-tools-for-stm32.10.3-2021.10.win32_1.0.200.202301161003/tools/bin/../lib/gcc/arm-none-eabi/10.3.1/thumb/v7-m/nofp\libgcc.a(_arm_muldivdf3.o)
                              ./Core/Src/main.o (__aeabi_ddiv)
c:/st/stm32cubeide_1.12.1/stm32cubeide/plugins/com.st.stm32cube.ide.mcu.externaltools.gnu-tools-for-stm32.10.3-2021.10.win32_1.0.200.202301161003/tools/bin/../lib/gcc/arm-none-eabi/10.3.1/thumb/v7-m/nofp\libgcc.a(_arm_truncdfsf2.o)
                              ./Core/Src/main.o (__aeabi_d2f)
c:/st/stm32cubeide_1.12.1/stm32cubeide/plugins/com.st.stm32cube.ide.mcu.externaltools.gnu-tools-for-stm32.10.3-2021.10.win32_1.0.200.202301161003/tools/bin/../lib/gcc/arm-none-eabi/10.3.1/thumb/v7-m/nofp\libgcc.a(_arm_addsubsf3.o)
                              ./Core/Src/main.o (__aeabi_fsub)
c:/st/stm32cubeide_1.12.1/stm32cubeide/plugins/com.st.stm32cube.ide.mcu.externaltools.gnu-tools-for-stm32.10.3-2021.10.win32_1.0.200.202301161003/tools/bin/../lib/gcc/arm-none-eabi/10.3.1/thumb/v7-m/nofp\libgcc.a(_arm_muldivsf3.o)
                              ./Core/Src/main.o (__aeabi_fdiv)
c:/st/stm32cubeide_1.12.1/stm32cubeide/plugins/com.st.stm32cube.ide.mcu.externaltools.gnu-tools-for-stm32.10.3-2021.10.win32_1.0.200.202301161003/tools/bin/../lib/gcc/arm-none-eabi/10.3.1/thumb/v7-m/nofp\libgcc.a(_arm_cmpsf2.o)
                              ./Core/Src/main.o (__aeabi_fcmplt)
[...]
Memory Configuration

Name             Origin             Length             Attributes
RAM              0x0000000020000000 0x0000000000005000 xrw
FLASH            0x0000000008000000 0x0000000000010000 xr
*default*        0x0000000000000000 0xffffffffffffffff

Linker script and memory map

LOAD c:/st/stm32cubeide_1.12.1/stm32cubeide/plugins/com.st.stm32cube.ide.mcu.externaltools.gnu-tools-for-stm32.10.3-2021.10.win32_1.0.200.202301161003/tools/bin/../lib/gcc/arm-none-eabi/10.3.1/thumb/v7-m/nofp/crti.o
LOAD c:/st/stm32cubeide_1.12.1/stm32cubeide/plugins/com.st.stm32cube.ide.mcu.externaltools.gnu-tools-for-stm32.10.3-2021.10.win32_1.0.200.202301161003/tools/bin/../lib/gcc/arm-none-eabi/10.3.1/thumb/v7-m/nofp/crtbegin.o
LOAD c:/st/stm32cubeide_1.12.1/stm32cubeide/plugins/com.st.stm32cube.ide.mcu.externaltools.gnu-tools-for-stm32.10.3-2021.10.win32_1.0.200.202301161003/tools/bin/../lib/gcc/arm-none-eabi/10.3.1/../../../../arm-none-eabi/lib/thumb/v7-m/nofp/crt0.o
LOAD ./Core/Src/main.o
LOAD ./Core/Src/stm32f1xx_hal_msp.o
LOAD ./Core/Src/stm32f1xx_it.o
LOAD ./Core/Src/syscalls.o
LOAD ./Core/Src/sysmem.o
LOAD ./Core/Src/system_stm32f1xx.o
LOAD ./Core/Startup/startup_stm32f103c8tx.o
LOAD ./Drivers/STM32F1xx_HAL_Driver/Src/stm32f1xx_hal.o
LOAD ./Drivers/STM32F1xx_HAL_Driver/Src/stm32f1xx_hal_cortex.o
LOAD ./Drivers/STM32F1xx_HAL_Driver/Src/stm32f1xx_hal_dma.o
LOAD ./Drivers/STM32F1xx_HAL_Driver/Src/stm32f1xx_hal_exti.o
LOAD ./Drivers/STM32F1xx_HAL_Driver/Src/stm32f1xx_hal_flash.o
LOAD ./Drivers/STM32F1xx_HAL_Driver/Src/stm32f1xx_hal_flash_ex.o
LOAD ./Drivers/STM32F1xx_HAL_Driver/Src/stm32f1xx_hal_gpio.o
LOAD ./Drivers/STM32F1xx_HAL_Driver/Src/stm32f1xx_hal_gpio_ex.o
LOAD ./Drivers/STM32F1xx_HAL_Driver/Src/stm32f1xx_hal_i2c.o
LOAD ./Drivers/STM32F1xx_HAL_Driver/Src/stm32f1xx_hal_pwr.o
LOAD ./Drivers/STM32F1xx_HAL_Driver/Src/stm32f1xx_hal_rcc.o
LOAD ./Drivers/STM32F1xx_HAL_Driver/Src/stm32f1xx_hal_rcc_ex.o
LOAD ./Drivers/STM32F1xx_HAL_Driver/Src/stm32f1xx_hal_tim.o
LOAD ./Drivers/STM32F1xx_HAL_Driver/Src/stm32f1xx_hal_tim_ex.o
LOAD ./Drivers/STM32F1xx_HAL_Driver/Src/stm32f1xx_ll_dma.o
LOAD ./Drivers/STM32F1xx_HAL_Driver/Src/stm32f1xx_ll_exti.o
LOAD ./Drivers/STM32F1xx_HAL_Driver/Src/stm32f1xx_ll_gpio.o
LOAD ./Drivers/STM32F1xx_HAL_Driver/Src/stm32f1xx_ll_rcc.o
LOAD ./Drivers/STM32F1xx_HAL_Driver/Src/stm32f1xx_ll_usart.o
LOAD ./Drivers/STM32F1xx_HAL_Driver/Src/stm32f1xx_ll_utils.o
START GROUP
LOAD c:/st/stm32cubeide_1.12.1/stm32cubeide/plugins/com.st.stm32cube.ide.mcu.externaltools.gnu-tools-for-stm32.10.3-2021.10.win32_1.0.200.202301161003/tools/bin/../lib/gcc/arm-none-eabi/10.3.1/../../../../arm-none-eabi/lib/thumb/v7-m/nofp\libc_nano.a
LOAD c:/st/stm32cubeide_1.12.1/stm32cubeide/plugins/com.st.stm32cube.ide.mcu.externaltools.gnu-tools-for-stm32.10.3-2021.10.win32_1.0.200.202301161003/tools/bin/../lib/gcc/arm-none-eabi/10.3.1/../../../../arm-none-eabi/lib/thumb/v7-m/nofp\libm.a
END GROUP
START GROUP
LOAD c:/st/stm32cubeide_1.12.1/stm32cubeide/plugins/com.st.stm32cube.ide.mcu.externaltools.gnu-tools-for-stm32.10.3-2021.10.win32_1.0.200.202301161003/tools/bin/../lib/gcc/arm-none-eabi/10.3.1/thumb/v7-m/nofp\libgcc.a
LOAD c:/st/stm32cubeide_1.12.1/stm32cubeide/plugins/com.st.stm32cube.ide.mcu.externaltools.gnu-tools-for-stm32.10.3-2021.10.win32_1.0.200.202301161003/tools/bin/../lib/gcc/arm-none-eabi/10.3.1/../../../../arm-none-eabi/lib/thumb/v7-m/nofp\libc_nano.a
END GROUP
START GROUP
LOAD c:/st/stm32cubeide_1.12.1/stm32cubeide/plugins/com.st.stm32cube.ide.mcu.externaltools.gnu-tools-for-stm32.10.3-2021.10.win32_1.0.200.202301161003/tools/bin/../lib/gcc/arm-none-eabi/10.3.1/thumb/v7-m/nofp\libgcc.a
LOAD c:/st/stm32cubeide_1.12.1/stm32cubeide/plugins/com.st.stm32cube.ide.mcu.externaltools.gnu-tools-for-stm32.10.3-2021.10.win32_1.0.200.202301161003/tools/bin/../lib/gcc/arm-none-eabi/10.3.1/../../../../arm-none-eabi/lib/thumb/v7-m/nofp\libc_nano.a
LOAD c:/st/stm32cubeide_1.12.1/stm32cubeide/plugins/com.st.stm32cube.ide.mcu.externaltools.gnu-tools-for-stm32.10.3-2021.10.win32_1.0.200.202301161003/tools/bin/../lib/gcc/arm-none-eabi/10.3.1/../../../../arm-none-eabi/lib/thumb/v7-m/nofp\libnosys.a
END GROUP
START GROUP
LOAD c:/st/stm32cubeide_1.12.1/stm32cubeide/plugins/com.st.stm32cube.ide.mcu.externaltools.gnu-tools-for-stm32.10.3-2021.10.win32_1.0.200.202301161003/tools/bin/../lib/gcc/arm-none-eabi/10.3.1/thumb/v7-m/nofp\libgcc.a
LOAD c:/st/stm32cubeide_1.12.1/stm32cubeide/plugins/com.st.stm32cube.ide.mcu.externaltools.gnu-tools-for-stm32.10.3-2021.10.win32_1.0.200.202301161003/tools/bin/../lib/gcc/arm-none-eabi/10.3.1/../../../../arm-none-eabi/lib/thumb/v7-m/nofp\libc_nano.a
LOAD c:/st/stm32cubeide_1.12.1/stm32cubeide/plugins/com.st.stm32cube.ide.mcu.externaltools.gnu-tools-for-stm32.10.3-2021.10.win32_1.0.200.202301161003/tools/bin/../lib/gcc/arm-none-eabi/10.3.1/../../../../arm-none-eabi/lib/thumb/v7-m/nofp\libnosys.a
END GROUP
LOAD c:/st/stm32cubeide_1.12.1/stm32cubeide/plugins/com.st.stm32cube.ide.mcu.externaltools.gnu-tools-for-stm32.10.3-2021.10.win32_1.0.200.202301161003/tools/bin/../lib/gcc/arm-none-eabi/10.3.1/thumb/v7-m/nofp/crtend.o
LOAD c:/st/stm32cubeide_1.12.1/stm32cubeide/plugins/com.st.stm32cube.ide.mcu.externaltools.gnu-tools-for-stm32.10.3-2021.10.win32_1.0.200.202301161003/tools/bin/../lib/gcc/arm-none-eabi/10.3.1/thumb/v7-m/nofp/crtn.o
                0x0000000020005000                _estack = (ORIGIN (RAM) + LENGTH (RAM))
                0x0000000000000200                _Min_Heap_Size = 0x200
                0x0000000000000400                _Min_Stack_Size = 0x400

.isr_vector     0x0000000008000000      0x10c
                0x0000000008000000                . = ALIGN (0x4)
 *(.isr_vector)
 .isr_vector    0x0000000008000000      0x10c ./Core/Startup/startup_stm32f103c8tx.o
                0x0000000008000000                g_pfnVectors
                0x000000000800010c                . = ALIGN (0x4)

.text           0x0000000008000110     0x4acc
                0x0000000008000110                . = ALIGN (0x4)
 *(.text)
 .text          0x0000000008000110       0x40 c:/st/stm32cubeide_1.12.1/stm32cubeide/plugins/com.st.stm32cube.ide.mcu.externaltools.gnu-tools-for-stm32.10.3-2021.10.win32_1.0.200.202301161003/tools/bin/../lib/gcc/arm-none-eabi/10.3.1/thumb/v7-m/nofp/crtbegin.o
 .text          0x0000000008000150      0x378 c:/st/stm32cubeide_1.12.1/stm32cubeide/plugins/com.st.stm32cube.ide.mcu.externaltools.gnu-tools-for-stm32.10.3-2021.10.win32_1.0.200.202301161003/tools/bin/../lib/gcc/arm-none-eabi/10.3.1/thumb/v7-m/nofp\libgcc.a(_arm_addsubdf3.o)
                0x0000000008000150                __aeabi_drsub
                0x0000000008000158                __aeabi_dsub
                0x0000000008000158                __subdf3
                0x000000000800015c                __aeabi_dadd
                0x000000000800015c                __adddf3
                0x00000000080003d4                __floatunsidf
                0x00000000080003d4                __aeabi_ui2d
                0x00000000080003f4                __floatsidf
                0x00000000080003f4                __aeabi_i2d
                0x0000000008000418                __aeabi_f2d
                0x0000000008000418                __extendsfdf2
                0x000000000800045c                __floatundidf
                0x000000000800045c                __aeabi_ul2d
                0x000000000800046c                __floatdidf
                0x000000000800046c                __aeabi_l2d
 .text          0x00000000080004c8      0x424 c:/st/stm32cubeide_1.12.1/stm32cubeide/plugins/com.st.stm32cube.ide.mcu.externaltools.gnu-tools-for-stm32.10.3-2021.10.win32_1.0.200.202301161003/tools/bin/../lib/gcc/arm-none-eabi/10.3.1/thumb/v7-m/nofp\libgcc.a(_arm_muldivdf3.o)
                0x00000000080004c8                __aeabi_dmul
                0x00000000080004c8                __muldf3
                0x000000000800071c                __divdf3
                0x000000000800071c                __aeabi_ddiv
 .text          0x00000000080008ec       0xa0 c:/st/stm32cubeide_1.12.1/stm32cubeide/plugins/com.st.stm32cube.ide.mcu.externaltools.gnu-tools-for-stm32.10.3-2021.10.win32_1.0.200.202301161003/tools/bin/../lib/gcc/arm-none-eabi/10.3.1/thumb/v7-m/nofp\libgcc.a(_arm_truncdfsf2.o)
                0x00000000080008ec                __truncdfsf2
                0x00000000080008ec                __aeabi_d2f
 .text          0x000000000800098c      0x21c c:/st/stm32cubeide_1.12.1/stm32cubeide/plugins/com.st.stm32cube.ide.mcu.externaltools.gnu-tools-for-stm32.10.3-2021.10.win32_1.0.200.202301161003/tools/bin/../lib/gcc/arm-none-eabi/10.3.1/thumb/v7-m/nofp\libgcc.a(_arm_addsubsf3.o)
                0x000000000800098c                __aeabi_frsub
                0x0000000008000994                __subsf3
                0x0000000008000994                __aeabi_fsub
                0x0000000008000998                __aeabi_fadd
                0x0000000008000998                __addsf3
                0x0000000008000af8                __aeabi_ui2f
                0x0000000008000af8                __floatunsisf
                0x0000000008000b00                __aeabi_i2f
                0x0000000008000b00                __floatsisf
                0x0000000008000b1c                __aeabi_ul2f
                0x0000000008000b1c                __floatundisf
                0x0000000008000b2c                __aeabi_l2f
                0x0000000008000b2c                __floatdisf
 .text          0x0000000008000ba8      0x2a0 c:/st/stm32cubeide_1.12.1/stm32cubeide/plugins/com.st.stm32cube.ide.mcu.externaltools.gnu-tools-for-stm32.10.3-2021.10.win32_1.0.200.202301161003/tools/bin/../lib/gcc/arm-none-eabi/10.3.1/thumb/v7-m/nofp\libgcc.a(_arm_muldivsf3.o)
                0x0000000008000ba8                __mulsf3
                0x0000000008000ba8                __aeabi_fmul
                0x0000000008000d10                __aeabi_fdiv
                0x0000000008000d10                __divsf3
 .text          0x0000000008000e48       0xec c:/st/stm32cubeide_1.12.1/stm32cubeide/plugins/com.st.stm32cube.ide.mcu.externaltools.gnu-tools-for-stm32.10.3-2021.10.win32_1.0.200.202301161003/tools/bin/../lib/gcc/arm-none-eabi/10.3.1/thumb/v7-m/nofp\libgcc.a(_arm_cmpsf2.o)
                0x0000000008000e48                __gesf2
                0x0000000008000e48                __gtsf2
                0x0000000008000e50                __lesf2
                0x0000000008000e50                __ltsf2
                0x0000000008000e58                __nesf2
                0x0000000008000e58                __eqsf2
                0x0000000008000e58                __cmpsf2
                0x0000000008000eb8                __aeabi_cfrcmple
                0x0000000008000ec0                __aeabi_cfcmpeq
                0x0000000008000ec0                __aeabi_cfcmple
                0x0000000008000ed0                __aeabi_fcmpeq
                0x0000000008000ee4                __aeabi_fcmplt
                0x0000000008000ef8                __aeabi_fcmple
                0x0000000008000f0c                __aeabi_fcmpge
                0x0000000008000f20                __aeabi_fcmpgt
 .text          0x0000000008000f34       0x40 c:/st/stm32cubeide_1.12.1/stm32cubeide/plugins/com.st.stm32cube.ide.mcu.externaltools.gnu-tools-for-stm32.10.3-2021.10.win32_1.0.200.202301161003/tools/bin/../lib/gcc/arm-none-eabi/10.3.1/thumb/v7-m/nofp\libgcc.a(_arm_fixunssfsi.o)
                0x0000000008000f34                __fixunssfsi
                0x0000000008000f34                __aeabi_f2uiz
 *(.text*)
 .text.__NVIC_GetPriorityGrouping
                0x0000000008000f74       0x1c ./Core/Src/main.o
 .text.__NVIC_EnableIRQ
                0x0000000008000f90       0x38 ./Core/Src/main.o
 .text.__NVIC_SetPriority
                0x0000000008000fc8       0x54 ./Core/Src/main.o
 .text.NVIC_EncodePriority
                0x000000000800101c       0x64 ./Core/Src/main.o
 .text.LL_USART_Enable
                0x0000000008001080       0x1e ./Core/Src/main.o
 .text.LL_USART_ConfigAsyncMode
                0x000000000800109e       0x2a ./Core/Src/main.o
 .text.LL_USART_IsActiveFlag_RXNE
                0x00000000080010c8       0x24 ./Core/Src/main.o
 .text.LL_USART_IsActiveFlag_TC
                0x00000000080010ec       0x24 ./Core/Src/main.o
 .text.LL_USART_ClearFlag_RXNE
                0x0000000008001110       0x1a ./Core/Src/main.o
 .text.LL_USART_EnableIT_RXNE
                0x000000000800112a       0x44 ./Core/Src/main.o
 .text.LL_USART_ReceiveData8
                0x000000000800116e       0x18 ./Core/Src/main.o
 .text.LL_USART_TransmitData8
                0x0000000008001186       0x1c ./Core/Src/main.o
 *fill*         0x00000000080011a2        0x2 
 .text.LL_APB1_GRP1_EnableClock
                0x00000000080011a4       0x30 ./Core/Src/main.o
 .text.LL_APB2_GRP1_EnableClock
                0x00000000080011d4       0x30 ./Core/Src/main.o
 .text.LL_GPIO_SetPinMode
                0x0000000008001204       0x64 ./Core/Src/main.o
 .text.LL_GPIO_IsInputPinSet
                0x0000000008001268       0x2c ./Core/Src/main.o
 .text.LL_GPIO_SetOutputPin
                0x0000000008001294       0x1e ./Core/Src/main.o
 .text.LL_GPIO_ResetOutputPin
                0x00000000080012b2       0x1e ./Core/Src/main.o
 .text.LL_GPIO_TogglePin
                0x00000000080012d0       0x38 ./Core/Src/main.o
 .text.LL_GPIO_AF_SetEXTISource
                0x0000000008001308       0x5c ./Core/Src/main.o
 .text.Led1_On  0x0000000008001364       0x18 ./Core/Src/main.o
                0x0000000008001364                Led1_On
 .text.Led2_On  0x000000000800137c       0x18 ./Core/Src/main.o
                0x000000000800137c                Led2_On
 .text.Led2_Off
                0x0000000008001394       0x18 ./Core/Src/main.o
                0x0000000008001394                Led2_Off
 .text.Led3_On  0x00000000080013ac       0x18 ./Core/Src/main.o
                0x00000000080013ac                Led3_On
 .text.Led3_Off
                0x00000000080013c4       0x18 ./Core/Src/main.o
                0x00000000080013c4                Led3_Off
 .text.Relay_On
                0x00000000080013dc       0x18 ./Core/Src/main.o
                0x00000000080013dc                Relay_On
 .text.Relay_Off
                0x00000000080013f4       0x18 ./Core/Src/main.o
                0x00000000080013f4                Relay_Off
 .text.main     0x000000000800140c       0xd0 ./Core/Src/main.o
                0x000000000800140c                main
 .text.SystemClock_Config
                0x00000000080014dc       0x8a ./Core/Src/main.o
                0x00000000080014dc                SystemClock_Config
 *fill*         0x0000000008001566        0x2 
 .text.MX_I2C1_Init
                0x0000000008001568       0x5c ./Core/Src/main.o
 .text.MX_USART2_UART_Init
                0x00000000080015c4       0xd4 ./Core/Src/main.o
 .text.MX_USART3_UART_Init
                0x0000000008001698       0xd8 ./Core/Src/main.o
 .text.MX_GPIO_Init
                0x0000000008001770      0x110 ./Core/Src/main.o
 .text.SysTick_Init
                0x0000000008001880       0x3c ./Core/Src/main.o
                0x0000000008001880                SysTick_Init
 .text.SysTick_Interrupt
                0x00000000080018bc       0x78 ./Core/Src/main.o
                0x00000000080018bc                SysTick_Interrupt
 .text.Lora_Send
                0x0000000008001934       0x30 ./Core/Src/main.o
                0x0000000008001934                Lora_Send
 .text.Lora_Buffer_Write
                0x0000000008001964       0x44 ./Core/Src/main.o
                0x0000000008001964                Lora_Buffer_Write
 .text.ACK_Send
                0x00000000080019a8       0x1a ./Core/Src/main.o
                0x00000000080019a8                ACK_Send
 .text.Frame_Send
                0x00000000080019c2       0x4a ./Core/Src/main.o
                0x00000000080019c2                Frame_Send
 .text.Frame_Process
                0x0000000008001a0c      0x168 ./Core/Src/main.o
                0x0000000008001a0c                Frame_Process
 .text.FeedBack
                0x0000000008001b74       0x40 ./Core/Src/main.o
                0x0000000008001b74                FeedBack
 .text.float2ascii
                0x0000000008001bb4      0x168 ./Core/Src/main.o
                0x0000000008001bb4                float2ascii
 .text.Buffer_Clear
                0x0000000008001d1c       0x32 ./Core/Src/main.o
                0x0000000008001d1c                Buffer_Clear
 .text.CRC_Cal  0x0000000008001d4e       0x76 ./Core/Src/main.o
                0x0000000008001d4e                CRC_Cal
 .text.Modbus_configframe
                0x0000000008001dc4       0x78 ./Core/Src/main.o
                0x0000000008001dc4                Modbus_configframe
 .text.ModBus_Read
                0x0000000008001e3c       0xa0 ./Core/Src/main.o
                0x0000000008001e3c                ModBus_Read
 .text.Send_Data
                0x0000000008001edc      0x160 ./Core/Src/main.o
                0x0000000008001edc                Send_Data
 .text.USART3_RXNE_CallBack
                0x000000000800203c       0xc8 ./Core/Src/main.o
                0x000000000800203c                USART3_RXNE_CallBack
 .text.USART2_RXNE_CallBack
                0x0000000008002104       0x6c ./Core/Src/main.o
                0x0000000008002104                USART2_RXNE_CallBack
 .text.pH_Cal   0x0000000008002170       0x78 ./Core/Src/main.o
                0x0000000008002170                pH_Cal
 .text.ADS1115_Init
                0x00000000080021e8       0x38 ./Core/Src/main.o
                0x00000000080021e8                ADS1115_Init
 .text.Read_Voltage
                0x0000000008002220       0xc8 ./Core/Src/main.o
                0x0000000008002220                Read_Voltage
 .text.Error_Handler
                0x00000000080022e8       0x16 ./Core/Src/main.o
                0x00000000080022e8                Error_Handler
 *fill*         0x00000000080022fe        0x2 
 .text.HAL_MspInit
                0x0000000008002300       0x64 ./Core/Src/stm32f1xx_hal_msp.o
                0x0000000008002300                HAL_MspInit
 .text.HAL_I2C_MspInit
                0x0000000008002364       0x7c ./Core/Src/stm32f1xx_hal_msp.o
                0x0000000008002364                HAL_I2C_MspInit
 .text.LL_EXTI_IsActiveFlag_0_31
                0x00000000080023e0       0x2c ./Core/Src/stm32f1xx_it.o
 .text.LL_EXTI_ClearFlag_0_31
                0x000000000800240c       0x1c ./Core/Src/stm32f1xx_it.o
 .text.NMI_Handler
                0x0000000008002428        0x6 ./Core/Src/stm32f1xx_it.o
                0x0000000008002428                NMI_Handler
 .text.HardFault_Handler
                0x000000000800242e        0x6 ./Core/Src/stm32f1xx_it.o
                0x000000000800242e                HardFault_Handler
 .text.MemManage_Handler
                0x0000000008002434        0x6 ./Core/Src/stm32f1xx_it.o
                0x0000000008002434                MemManage_Handler
 .text.BusFault_Handler
                0x000000000800243a        0x6 ./Core/Src/stm32f1xx_it.o
                0x000000000800243a                BusFault_Handler
 .text.UsageFault_Handler
                0x0000000008002440        0x6 ./Core/Src/stm32f1xx_it.o
                0x0000000008002440                UsageFault_Handler
 .text.SVC_Handler
                0x0000000008002446        0xc ./Core/Src/stm32f1xx_it.o
                0x0000000008002446                SVC_Handler
 .text.DebugMon_Handler
                0x0000000008002452        0xc ./Core/Src/stm32f1xx_it.o
                0x0000000008002452                DebugMon_Handler
 .text.PendSV_Handler
                0x000000000800245e        0xc ./Core/Src/stm32f1xx_it.o
                0x000000000800245e                PendSV_Handler
 .text.SysTick_Handler
                0x000000000800246a       0x10 ./Core/Src/stm32f1xx_it.o
                0x000000000800246a                SysTick_Handler
 .text.EXTI1_IRQHandler
                0x000000000800247a       0x1e ./Core/Src/stm32f1xx_it.o
                0x000000000800247a                EXTI1_IRQHandler
 .text.USART2_IRQHandler
                0x0000000008002498        0xc ./Core/Src/stm32f1xx_it.o
                0x0000000008002498                USART2_IRQHandler
 .text.USART3_IRQHandler
                0x00000000080024a4        0xc ./Core/Src/stm32f1xx_it.o
                0x00000000080024a4                USART3_IRQHandler
 .text.SystemInit
                0x00000000080024b0        0xc ./Core/Src/system_stm32f1xx.o
                0x00000000080024b0                SystemInit
 .text.Reset_Handler
                0x00000000080024bc       0x48 ./Core/Startup/startup_stm32f103c8tx.o
                0x00000000080024bc                Reset_Handler
 .text.Default_Handler
                0x0000000008002504        0x2 ./Core/Startup/startup_stm32f103c8tx.o
                0x0000000008002504                RTC_Alarm_IRQHandler
                0x0000000008002504                EXTI2_IRQHandler
                0x0000000008002504                TIM1_CC_IRQHandler
                0x0000000008002504                PVD_IRQHandler
                0x0000000008002504                EXTI3_IRQHandler
                0x0000000008002504                EXTI0_IRQHandler
                0x0000000008002504                I2C2_EV_IRQHandler
                0x0000000008002504                ADC1_2_IRQHandler
                0x0000000008002504                SPI1_IRQHandler
                0x0000000008002504                TAMPER_IRQHandler
                0x0000000008002504                DMA1_Channel4_IRQHandler
                0x0000000008002504                RTC_IRQHandler
                0x0000000008002504                DMA1_Channel7_IRQHandler
                0x0000000008002504                CAN1_RX1_IRQHandler
                0x0000000008002504                TIM4_IRQHandler
                0x0000000008002504                I2C1_EV_IRQHandler
                0x0000000008002504                DMA1_Channel6_IRQHandler
                0x0000000008002504                TIM3_IRQHandler
                0x0000000008002504                RCC_IRQHandler
                0x0000000008002504                TIM1_TRG_COM_IRQHandler
                0x0000000008002504                DMA1_Channel1_IRQHandler
                0x0000000008002504                Default_Handler
                0x0000000008002504                EXTI15_10_IRQHandler
                0x0000000008002504                EXTI9_5_IRQHandler
                0x0000000008002504                SPI2_IRQHandler
                0x0000000008002504                DMA1_Channel5_IRQHandler
                0x0000000008002504                EXTI4_IRQHandler
                0x0000000008002504                USB_LP_CAN1_RX0_IRQHandler
                0x0000000008002504                USB_HP_CAN1_TX_IRQHandler
                0x0000000008002504                DMA1_Channel3_IRQHandler
                0x0000000008002504                TIM1_UP_IRQHandler
                0x0000000008002504                WWDG_IRQHandler
                0x0000000008002504                TIM2_IRQHandler
                0x0000000008002504                TIM1_BRK_IRQHandler
                0x0000000008002504                I2C2_ER_IRQHandler
                0x0000000008002504                DMA1_Channel2_IRQHandler
                0x0000000008002504                CAN1_SCE_IRQHandler
                0x0000000008002504                FLASH_IRQHandler
                0x0000000008002504                USART1_IRQHandler
                0x0000000008002504                I2C1_ER_IRQHandler
                0x0000000008002504                USBWakeUp_IRQHandler
 *fill*         0x0000000008002506        0x2 
 .text.HAL_Init
                0x0000000008002508       0x2c ./Drivers/STM32F1xx_HAL_Driver/Src/stm32f1xx_hal.o
                0x0000000008002508                HAL_Init
 .text.HAL_InitTick
                0x0000000008002534       0x60 ./Drivers/STM32F1xx_HAL_Driver/Src/stm32f1xx_hal.o
                0x0000000008002534                HAL_InitTick
 .text.HAL_IncTick
                0x0000000008002594       0x24 ./Drivers/STM32F1xx_HAL_Driver/Src/stm32f1xx_hal.o
                0x0000000008002594                HAL_IncTick
 .text.HAL_GetTick
                0x00000000080025b8       0x14 ./Drivers/STM32F1xx_HAL_Driver/Src/stm32f1xx_hal.o
                0x00000000080025b8                HAL_GetTick
 .text.__NVIC_SetPriorityGrouping
                0x00000000080025cc       0x48 ./Drivers/STM32F1xx_HAL_Driver/Src/stm32f1xx_hal_cortex.o
 .text.__NVIC_GetPriorityGrouping
                0x0000000008002614       0x1c ./Drivers/STM32F1xx_HAL_Driver/Src/stm32f1xx_hal_cortex.o
 .text.__NVIC_SetPriority
                0x0000000008002630       0x54 ./Drivers/STM32F1xx_HAL_Driver/Src/stm32f1xx_hal_cortex.o
 .text.NVIC_EncodePriority
                0x0000000008002684       0x64 ./Drivers/STM32F1xx_HAL_Driver/Src/stm32f1xx_hal_cortex.o
 .text.SysTick_Config
                0x00000000080026e8       0x44 ./Drivers/STM32F1xx_HAL_Driver/Src/stm32f1xx_hal_cortex.o
 .text.HAL_NVIC_SetPriorityGrouping
                0x000000000800272c       0x16 ./Drivers/STM32F1xx_HAL_Driver/Src/stm32f1xx_hal_cortex.o
                0x000000000800272c                HAL_NVIC_SetPriorityGrouping
 .text.HAL_NVIC_SetPriority
                0x0000000008002742       0x38 ./Drivers/STM32F1xx_HAL_Driver/Src/stm32f1xx_hal_cortex.o
                0x0000000008002742                HAL_NVIC_SetPriority
 .text.HAL_SYSTICK_Config
                0x000000000800277a       0x18 ./Drivers/STM32F1xx_HAL_Driver/Src/stm32f1xx_hal_cortex.o
                0x000000000800277a                HAL_SYSTICK_Config
 *fill*         0x0000000008002792        0x2 
 .text.HAL_GPIO_Init
                0x0000000008002794      0x308 ./Drivers/STM32F1xx_HAL_Driver/Src/stm32f1xx_hal_gpio.o
                0x0000000008002794                HAL_GPIO_Init
 .text.HAL_I2C_Init
                0x0000000008002a9c      0x288 ./Drivers/STM32F1xx_HAL_Driver/Src/stm32f1xx_hal_i2c.o
                0x0000000008002a9c                HAL_I2C_Init
 .text.HAL_I2C_Master_Transmit
                0x0000000008002d24      0x1fc ./Drivers/STM32F1xx_HAL_Driver/Src/stm32f1xx_hal_i2c.o
                0x0000000008002d24                HAL_I2C_Master_Transmit
 .text.HAL_I2C_Master_Receive
                0x0000000008002f20      0x4d8 ./Drivers/STM32F1xx_HAL_Driver/Src/stm32f1xx_hal_i2c.o
                0x0000000008002f20                HAL_I2C_Master_Receive
 .text.I2C_MasterRequestWrite
                0x00000000080033f8      0x104 ./Drivers/STM32F1xx_HAL_Driver/Src/stm32f1xx_hal_i2c.o
 .text.I2C_MasterRequestRead
                0x00000000080034fc      0x19c ./Drivers/STM32F1xx_HAL_Driver/Src/stm32f1xx_hal_i2c.o
 .text.I2C_WaitOnFlagUntilTimeout
                0x0000000008003698       0xf4 ./Drivers/STM32F1xx_HAL_Driver/Src/stm32f1xx_hal_i2c.o
 .text.I2C_WaitOnMasterAddressFlagUntilTimeout
                0x000000000800378c      0x140 ./Drivers/STM32F1xx_HAL_Driver/Src/stm32f1xx_hal_i2c.o
 .text.I2C_WaitOnTXEFlagUntilTimeout
                0x00000000080038cc       0x90 ./Drivers/STM32F1xx_HAL_Driver/Src/stm32f1xx_hal_i2c.o
 .text.I2C_WaitOnBTFFlagUntilTimeout
                0x000000000800395c       0x90 ./Drivers/STM32F1xx_HAL_Driver/Src/stm32f1xx_hal_i2c.o
 .text.I2C_WaitOnRXNEFlagUntilTimeout
                0x00000000080039ec       0xba ./Drivers/STM32F1xx_HAL_Driver/Src/stm32f1xx_hal_i2c.o
 .text.I2C_IsAcknowledgeFailed
                0x0000000008003aa6       0x5c ./Drivers/STM32F1xx_HAL_Driver/Src/stm32f1xx_hal_i2c.o
 *fill*         0x0000000008003b02        0x2 
 .text.HAL_RCC_OscConfig
                0x0000000008003b04      0x504 ./Drivers/STM32F1xx_HAL_Driver/Src/stm32f1xx_hal_rcc.o
                0x0000000008003b04                HAL_RCC_OscConfig
 .text.HAL_RCC_ClockConfig
                0x0000000008004008      0x1d4 ./Drivers/STM32F1xx_HAL_Driver/Src/stm32f1xx_hal_rcc.o
                0x0000000008004008                HAL_RCC_ClockConfig
 .text.HAL_RCC_GetSysClockFreq
                0x00000000080041dc       0xa8 ./Drivers/STM32F1xx_HAL_Driver/Src/stm32f1xx_hal_rcc.o
                0x00000000080041dc                HAL_RCC_GetSysClockFreq
 .text.HAL_RCC_GetHCLKFreq
                0x0000000008004284       0x14 ./Drivers/STM32F1xx_HAL_Driver/Src/stm32f1xx_hal_rcc.o
                0x0000000008004284                HAL_RCC_GetHCLKFreq
 .text.HAL_RCC_GetPCLK1Freq
                0x0000000008004298       0x28 ./Drivers/STM32F1xx_HAL_Driver/Src/stm32f1xx_hal_rcc.o
                0x0000000008004298                HAL_RCC_GetPCLK1Freq
 .text.RCC_Delay
                0x00000000080042c0       0x3c ./Drivers/STM32F1xx_HAL_Driver/Src/stm32f1xx_hal_rcc.o
 .text.LL_EXTI_EnableIT_0_31
                0x00000000080042fc       0x24 ./Drivers/STM32F1xx_HAL_Driver/Src/stm32f1xx_ll_exti.o
 .text.LL_EXTI_DisableIT_0_31
                0x0000000008004320       0x24 ./Drivers/STM32F1xx_HAL_Driver/Src/stm32f1xx_ll_exti.o
 .text.LL_EXTI_EnableEvent_0_31
                0x0000000008004344       0x24 ./Drivers/STM32F1xx_HAL_Driver/Src/stm32f1xx_ll_exti.o
 .text.LL_EXTI_DisableEvent_0_31
                0x0000000008004368       0x24 ./Drivers/STM32F1xx_HAL_Driver/Src/stm32f1xx_ll_exti.o
 .text.LL_EXTI_EnableRisingTrig_0_31
                0x000000000800438c       0x24 ./Drivers/STM32F1xx_HAL_Driver/Src/stm32f1xx_ll_exti.o
 .text.LL_EXTI_DisableRisingTrig_0_31
                0x00000000080043b0       0x24 ./Drivers/STM32F1xx_HAL_Driver/Src/stm32f1xx_ll_exti.o
 .text.LL_EXTI_EnableFallingTrig_0_31
                0x00000000080043d4       0x24 ./Drivers/STM32F1xx_HAL_Driver/Src/stm32f1xx_ll_exti.o
 .text.LL_EXTI_DisableFallingTrig_0_31
                0x00000000080043f8       0x24 ./Drivers/STM32F1xx_HAL_Driver/Src/stm32f1xx_ll_exti.o
 .text.LL_EXTI_Init
                0x000000000800441c      0x102 ./Drivers/STM32F1xx_HAL_Driver/Src/stm32f1xx_ll_exti.o
                0x000000000800441c                LL_EXTI_Init
 .text.LL_GPIO_SetPinMode
                0x000000000800451e       0x64 ./Drivers/STM32F1xx_HAL_Driver/Src/stm32f1xx_ll_gpio.o
 .text.LL_GPIO_SetPinSpeed
                0x0000000008004582       0x64 ./Drivers/STM32F1xx_HAL_Driver/Src/stm32f1xx_ll_gpio.o
 .text.LL_GPIO_SetPinOutputType
                0x00000000080045e6       0x64 ./Drivers/STM32F1xx_HAL_Driver/Src/stm32f1xx_ll_gpio.o
 .text.LL_GPIO_SetPinPull
                0x000000000800464a       0x44 ./Drivers/STM32F1xx_HAL_Driver/Src/stm32f1xx_ll_gpio.o
 .text.LL_GPIO_Init
                0x000000000800468e       0xcc ./Drivers/STM32F1xx_HAL_Driver/Src/stm32f1xx_ll_gpio.o
                0x000000000800468e                LL_GPIO_Init
 *fill*         0x000000000800475a        0x2 
 .text.LL_RCC_GetSysClkSource
                0x000000000800475c       0x18 ./Drivers/STM32F1xx_HAL_Driver/Src/stm32f1xx_ll_rcc.o
 .text.LL_RCC_GetAHBPrescaler
                0x0000000008004774       0x18 ./Drivers/STM32F1xx_HAL_Driver/Src/stm32f1xx_ll_rcc.o
 .text.LL_RCC_GetAPB1Prescaler
                0x000000000800478c       0x18 ./Drivers/STM32F1xx_HAL_Driver/Src/stm32f1xx_ll_rcc.o
 .text.LL_RCC_GetAPB2Prescaler
                0x00000000080047a4       0x18 ./Drivers/STM32F1xx_HAL_Driver/Src/stm32f1xx_ll_rcc.o
 .text.LL_RCC_PLL_GetMainSource
                0x00000000080047bc       0x18 ./Drivers/STM32F1xx_HAL_Driver/Src/stm32f1xx_ll_rcc.o
 .text.LL_RCC_PLL_GetMultiplicator
                0x00000000080047d4       0x18 ./Drivers/STM32F1xx_HAL_Driver/Src/stm32f1xx_ll_rcc.o
 .text.LL_RCC_PLL_GetPrediv
                0x00000000080047ec       0x1c ./Drivers/STM32F1xx_HAL_Driver/Src/stm32f1xx_ll_rcc.o
 .text.LL_RCC_GetSystemClocksFreq
                0x0000000008004808       0x4a ./Drivers/STM32F1xx_HAL_Driver/Src/stm32f1xx_ll_rcc.o
                0x0000000008004808                LL_RCC_GetSystemClocksFreq
 *fill*         0x0000000008004852        0x2 
 .text.RCC_GetSystemClockFreq
                0x0000000008004854       0x4c ./Drivers/STM32F1xx_HAL_Driver/Src/stm32f1xx_ll_rcc.o
                0x0000000008004854                RCC_GetSystemClockFreq
 .text.RCC_GetHCLKClockFreq
                0x00000000080048a0       0x2c ./Drivers/STM32F1xx_HAL_Driver/Src/stm32f1xx_ll_rcc.o
                0x00000000080048a0                RCC_GetHCLKClockFreq
 .text.RCC_GetPCLK1ClockFreq
                0x00000000080048cc       0x28 ./Drivers/STM32F1xx_HAL_Driver/Src/stm32f1xx_ll_rcc.o
                0x00000000080048cc                RCC_GetPCLK1ClockFreq
 .text.RCC_GetPCLK2ClockFreq
                0x00000000080048f4       0x28 ./Drivers/STM32F1xx_HAL_Driver/Src/stm32f1xx_ll_rcc.o
                0x00000000080048f4                RCC_GetPCLK2ClockFreq
 .text.RCC_PLL_GetFreqDomain_SYS
                0x000000000800491c       0x64 ./Drivers/STM32F1xx_HAL_Driver/Src/stm32f1xx_ll_rcc.o
                0x000000000800491c                RCC_PLL_GetFreqDomain_SYS
 .text.LL_USART_IsEnabled
                0x0000000008004980       0x26 ./Drivers/STM32F1xx_HAL_Driver/Src/stm32f1xx_ll_usart.o
 .text.LL_USART_SetStopBitsLength
                0x00000000080049a6       0x24 ./Drivers/STM32F1xx_HAL_Driver/Src/stm32f1xx_ll_usart.o
 .text.LL_USART_SetHWFlowCtrl
                0x00000000080049ca       0x24 ./Drivers/STM32F1xx_HAL_Driver/Src/stm32f1xx_ll_usart.o
 *fill*         0x00000000080049ee        0x2 
 .text.LL_USART_SetBaudRate
                0x00000000080049f0       0xbc ./Drivers/STM32F1xx_HAL_Driver/Src/stm32f1xx_ll_usart.o
 .text.LL_USART_Init
                0x0000000008004aac       0xc0 ./Drivers/STM32F1xx_HAL_Driver/Src/stm32f1xx_ll_usart.o
                0x0000000008004aac                LL_USART_Init
 .text.__libc_init_array
                0x0000000008004b6c       0x48 c:/st/stm32cubeide_1.12.1/stm32cubeide/plugins/com.st.stm32cube.ide.mcu.externaltools.gnu-tools-for-stm32.10.3-2021.10.win32_1.0.200.202301161003/tools/bin/../lib/gcc/arm-none-eabi/10.3.1/../../../../arm-none-eabi/lib/thumb/v7-m/nofp\libc_nano.a(lib_a-init.o)
                0x0000000008004b6c                __libc_init_array
 .text.memset   0x0000000008004bb4       0x10 c:/st/stm32cubeide_1.12.1/stm32cubeide/plugins/com.st.stm32cube.ide.mcu.externaltools.gnu-tools-for-stm32.10.3-2021.10.win32_1.0.200.202301161003/tools/bin/../lib/gcc/arm-none-eabi/10.3.1/../../../../arm-none-eabi/lib/thumb/v7-m/nofp\libc_nano.a(lib_a-memset.o)
                0x0000000008004bb4                memset
 *(.glue_7)
 .glue_7        0x0000000008004bc4        0x0 linker stubs
 *(.glue_7t)
 .glue_7t       0x0000000008004bc4        0x0 linker stubs
 *(.eh_frame)
 .eh_frame      0x0000000008004bc4        0x0 c:/st/stm32cubeide_1.12.1/stm32cubeide/plugins/com.st.stm32cube.ide.mcu.externaltools.gnu-tools-for-stm32.10.3-2021.10.win32_1.0.200.202301161003/tools/bin/../lib/gcc/arm-none-eabi/10.3.1/thumb/v7-m/nofp/crtbegin.o
 *(.init)
 .init          0x0000000008004bc4        0x4 c:/st/stm32cubeide_1.12.1/stm32cubeide/plugins/com.st.stm32cube.ide.mcu.externaltools.gnu-tools-for-stm32.10.3-2021.10.win32_1.0.200.202301161003/tools/bin/../lib/gcc/arm-none-eabi/10.3.1/thumb/v7-m/nofp/crti.o
                0x0000000008004bc4                _init
 .init          0x0000000008004bc8        0x8 c:/st/stm32cubeide_1.12.1/stm32cubeide/plugins/com.st.stm32cube.ide.mcu.externaltools.gnu-tools-for-stm32.10.3-2021.10.win32_1.0.200.202301161003/tools/bin/../lib/gcc/arm-none-eabi/10.3.1/thumb/v7-m/nofp/crtn.o
 *(.fini)
 .fini          0x0000000008004bd0        0x4 c:/st/stm32cubeide_1.12.1/stm32cubeide/plugins/com.st.stm32cube.ide.mcu.externaltools.gnu-tools-for-stm32.10.3-2021.10.win32_1.0.200.202301161003/tools/bin/../lib/gcc/arm-none-eabi/10.3.1/thumb/v7-m/nofp/crti.o
                0x0000000008004bd0                _fini
 .fini          0x0000000008004bd4        0x8 c:/st/stm32cubeide_1.12.1/stm32cubeide/plugins/com.st.stm32cube.ide.mcu.externaltools.gnu-tools-for-stm32.10.3-2021.10.win32_1.0.200.202301161003/tools/bin/../lib/gcc/arm-none-eabi/10.3.1/thumb/v7-m/nofp/crtn.o
                0x0000000008004bdc                . = ALIGN (0x4)
                0x0000000008004bdc                _etext = .

.vfp11_veneer   0x0000000008004bdc        0x0
 .vfp11_veneer  0x0000000008004bdc        0x0 linker stubs

.v4_bx          0x0000000008004bdc        0x0
 .v4_bx         0x0000000008004bdc        0x0 linker stubs

.iplt           0x0000000008004bdc        0x0
 .iplt          0x0000000008004bdc        0x0 c:/st/stm32cubeide_1.12.1/stm32cubeide/plugins/com.st.stm32cube.ide.mcu.externaltools.gnu-tools-for-stm32.10.3-2021.10.win32_1.0.200.202301161003/tools/bin/../lib/gcc/arm-none-eabi/10.3.1/thumb/v7-m/nofp/crtbegin.o

.rodata         0x0000000008004bdc       0x2c
                0x0000000008004bdc                . = ALIGN (0x4)
 *(.rodata)
 *(.rodata*)
 .rodata.AHBPrescTable
                0x0000000008004bdc       0x10 ./Core/Src/system_stm32f1xx.o
                0x0000000008004bdc                AHBPrescTable
 .rodata.APBPrescTable
                0x0000000008004bec        0x8 ./Core/Src/system_stm32f1xx.o
                0x0000000008004bec                APBPrescTable
 .rodata.aPLLMULFactorTable.1
                0x0000000008004bf4       0x10 ./Drivers/STM32F1xx_HAL_Driver/Src/stm32f1xx_hal_rcc.o
 .rodata.aPredivFactorTable.0
                0x0000000008004c04        0x2 ./Drivers/STM32F1xx_HAL_Driver/Src/stm32f1xx_hal_rcc.o
                0x0000000008004c08                . = ALIGN (0x4)
 *fill*         0x0000000008004c06        0x2 

.rel.dyn        0x0000000008004c08        0x0
 .rel.iplt      0x0000000008004c08        0x0 c:/st/stm32cubeide_1.12.1/stm32cubeide/plugins/com.st.stm32cube.ide.mcu.externaltools.gnu-tools-for-stm32.10.3-2021.10.win32_1.0.200.202301161003/tools/bin/../lib/gcc/arm-none-eabi/10.3.1/thumb/v7-m/nofp/crtbegin.o

.ARM.extab      0x0000000008004c08        0x0
                0x0000000008004c08                . = ALIGN (0x4)
 *(.ARM.extab* .gnu.linkonce.armextab.*)
                0x0000000008004c08                . = ALIGN (0x4)

.ARM            0x0000000008004c08        0x0
                0x0000000008004c08                . = ALIGN (0x4)
                0x0000000008004c08                __exidx_start = .
 *(.ARM.exidx*)
                0x0000000008004c08                __exidx_end = .
                0x0000000008004c08                . = ALIGN (0x4)

.preinit_array  0x0000000008004c08        0x0
                0x0000000008004c08                . = ALIGN (0x4)
                0x0000000008004c08                PROVIDE (__preinit_array_start = .)
 *(.preinit_array*)
                0x0000000008004c08                PROVIDE (__preinit_array_end = .)
                0x0000000008004c08                . = ALIGN (0x4)

.init_array     0x0000000008004c08        0x4
                0x0000000008004c08                . = ALIGN (0x4)
                0x0000000008004c08                PROVIDE (__init_array_start = .)
 *(SORT_BY_NAME(.init_array.*))
 *(.init_array*)
 .init_array    0x0000000008004c08        0x4 c:/st/stm32cubeide_1.12.1/stm32cubeide/plugins/com.st.stm32cube.ide.mcu.externaltools.gnu-tools-for-stm32.10.3-2021.10.win32_1.0.200.202301161003/tools/bin/../lib/gcc/arm-none-eabi/10.3.1/thumb/v7-m/nofp/crtbegin.o
                0x0000000008004c0c                PROVIDE (__init_array_end = .)
                0x0000000008004c0c                . = ALIGN (0x4)

.fini_array     0x0000000008004c0c        0x4
                0x0000000008004c0c                . = ALIGN (0x4)
                [!provide]                        PROVIDE (__fini_array_start = .)
 *(SORT_BY_NAME(.fini_array.*))
 *(.fini_array*)
 .fini_array    0x0000000008004c0c        0x4 c:/st/stm32cubeide_1.12.1/stm32cubeide/plugins/com.st.stm32cube.ide.mcu.externaltools.gnu-tools-for-stm32.10.3-2021.10.win32_1.0.200.202301161003/tools/bin/../lib/gcc/arm-none-eabi/10.3.1/thumb/v7-m/nofp/crtbegin.o
                [!provide]                        PROVIDE (__fini_array_end = .)
                0x0000000008004c10                . = ALIGN (0x4)
                0x0000000008004c10                _sidata = LOADADDR (.data)

.data           0x0000000020000000       0x64 load address 0x0000000008004c10
                0x0000000020000000                . = ALIGN (0x4)
                0x0000000020000000                _sdata = .
 *(.data)
 *(.data*)
 .data.data     0x0000000020000000       0x1e ./Core/Src/main.o
                0x0000000020000000                data
 *fill*         0x000000002000001e        0x2 
 .data.value    0x0000000020000020       0x32 ./Core/Src/main.o
                0x0000000020000020                value
 *fill*         0x0000000020000052        0x2 
 .data.Send_Interval
                0x0000000020000054        0x4 ./Core/Src/main.o
                0x0000000020000054                Send_Interval
 .data.SystemCoreClock
                0x0000000020000058        0x4 ./Core/Src/system_stm32f1xx.o
                0x0000000020000058                SystemCoreClock
 .data.uwTickPrio
                0x000000002000005c        0x4 ./Drivers/STM32F1xx_HAL_Driver/Src/stm32f1xx_hal.o
                0x000000002000005c                uwTickPrio
 .data.uwTickFreq
                0x0000000020000060        0x1 ./Drivers/STM32F1xx_HAL_Driver/Src/stm32f1xx_hal.o
                0x0000000020000060                uwTickFreq
 *(.RamFunc)
 *(.RamFunc*)
                0x0000000020000064                . = ALIGN (0x4)
 *fill*         0x0000000020000061        0x3 
                0x0000000020000064                _edata = .

.igot.plt       0x0000000020000064        0x0 load address 0x0000000008004c74
 .igot.plt      0x0000000020000064        0x0 c:/st/stm32cubeide_1.12.1/stm32cubeide/plugins/com.st.stm32cube.ide.mcu.externaltools.gnu-tools-for-stm32.10.3-2021.10.win32_1.0.200.202301161003/tools/bin/../lib/gcc/arm-none-eabi/10.3.1/thumb/v7-m/nofp/crtbegin.o
                0x0000000020000064                . = ALIGN (0x4)

.bss            0x0000000020000064      0x148 load address 0x0000000008004c74
                0x0000000020000064                _sbss = .
                0x0000000020000064                __bss_start__ = _sbss
 *(.bss)
 .bss           0x0000000020000064       0x1c c:/st/stm32cubeide_1.12.1/stm32cubeide/plugins/com.st.stm32cube.ide.mcu.externaltools.gnu-tools-for-stm32.10.3-2021.10.win32_1.0.200.202301161003/tools/bin/../lib/gcc/arm-none-eabi/10.3.1/thumb/v7-m/nofp/crtbegin.o
 *(.bss*)
 .bss.hi2c1     0x0000000020000080       0x54 ./Core/Src/main.o
                0x0000000020000080                hi2c1
 .bss.RX3_Buffer
                0x00000000200000d4       0x14 ./Core/Src/main.o
                0x00000000200000d4                RX3_Buffer
 .bss.TX3_Buffer
                0x00000000200000e8       0x63 ./Core/Src/main.o
                0x00000000200000e8                TX3_Buffer
 .bss.RX3_Temp  0x000000002000014b        0x1 ./Core/Src/main.o
                0x000000002000014b                RX3_Temp
 .bss.TX3_Temp  0x000000002000014c        0x1 ./Core/Src/main.o
                0x000000002000014c                TX3_Temp
 *fill*         0x000000002000014d        0x3 
 .bss.RX2_Buffer
                0x0000000020000150       0x32 ./Core/Src/main.o
                0x0000000020000150                RX2_Buffer
 .bss.RX2_Temp  0x0000000020000182        0x1 ./Core/Src/main.o
                0x0000000020000182                RX2_Temp
 *fill*         0x0000000020000183        0x1 
 .bss.Led_count
                0x0000000020000184        0x4 ./Core/Src/main.o
                0x0000000020000184                Led_count
 .bss.silent_interval
                0x0000000020000188        0x4 ./Core/Src/main.o
                0x0000000020000188                silent_interval
 .bss.timeout   0x000000002000018c        0x4 ./Core/Src/main.o
                0x000000002000018c                timeout
 .bss.pH_Temp   0x0000000020000190        0x4 ./Core/Src/main.o
                0x0000000020000190                pH_Temp
 .bss.pH_Voltage
                0x0000000020000194        0x4 ./Core/Src/main.o
                0x0000000020000194                pH_Voltage
 .bss.ph_Val    0x0000000020000198        0x4 ./Core/Src/main.o
                0x0000000020000198                ph_Val
 .bss.ADS_Buffer
                0x000000002000019c        0xa ./Core/Src/main.o
                0x000000002000019c                ADS_Buffer
 .bss.Relay_status
                0x00000000200001a6        0x1 ./Core/Src/main.o
                0x00000000200001a6                Relay_status
 *fill*         0x00000000200001a7        0x1 
 .bss.uwTick    0x00000000200001a8        0x4 ./Drivers/STM32F1xx_HAL_Driver/Src/stm32f1xx_hal.o
                0x00000000200001a8                uwTick
 *(COMMON)
                0x00000000200001ac                . = ALIGN (0x4)
                0x00000000200001ac                _ebss = .
                0x00000000200001ac                __bss_end__ = _ebss

._user_heap_stack
                0x00000000200001ac      0x604 load address 0x0000000008004c74
                0x00000000200001b0                . = ALIGN (0x8)
 *fill*         0x00000000200001ac        0x4 
                [!provide]                        PROVIDE (end = .)
                0x00000000200001b0                PROVIDE (_end = .)
                0x00000000200003b0                . = (. + _Min_Heap_Size)
 *fill*         0x00000000200001b0      0x200 
                0x00000000200007b0                . = (. + _Min_Stack_Size)
 *fill*         0x00000000200003b0      0x400 
                0x00000000200007b0                . = ALIGN (0x8)

/DISCARD/
 libc.a(*)
 libm.a(*)
 libgcc.a(*)

.ARM.attributes
                0x0000000000000000       0x29
 *(.ARM.attributes)
 .ARM.attributes
                0x0000000000000000       0x1d c:/st/stm32cubeide_1.12.1/stm32cubeide/plugins/com.st.stm32cube.ide.mcu.externaltools.gnu-tools-for-stm32.10.3-2021.10.win32_1.0.200.202301161003/tools/bin/../lib/gcc/arm-none-eabi/10.3.1/thumb/v7-m/nofp/crti.o
 .ARM.attributes
                0x000000000000001d       0x2d c:/st/stm32cubeide_1.12.1/stm32cubeide/plugins/com.st.stm32cube.ide.mcu.externaltools.gnu-tools-for-stm32.10.3-2021.10.win32_1.0.200.202301161003/tools/bin/../lib/gcc/arm-none-eabi/10.3.1/thumb/v7-m/nofp/crtbegin.o
 .ARM.attributes
                0x000000000000004a       0x2d ./Core/Src/main.o
 .ARM.attributes
                0x0000000000000077       0x2d ./Core/Src/stm32f1xx_hal_msp.o
 .ARM.attributes
                0x00000000000000a4       0x2d ./Core/Src/stm32f1xx_it.o
 .ARM.attributes
                0x00000000000000d1       0x2d ./Core/Src/system_stm32f1xx.o
 .ARM.attributes
                0x00000000000000fe       0x21 ./Core/Startup/startup_stm32f103c8tx.o
 .ARM.attributes
                0x000000000000011f       0x2d ./Drivers/STM32F1xx_HAL_Driver/Src/stm32f1xx_hal.o
 .ARM.attributes
                0x000000000000014c       0x2d ./Drivers/STM32F1xx_HAL_Driver/Src/stm32f1xx_hal_cortex.o
 .ARM.attributes
                0x0000000000000179       0x2d ./Drivers/STM32F1xx_HAL_Driver/Src/stm32f1xx_hal_gpio.o
 .ARM.attributes
                0x00000000000001a6       0x2d ./Drivers/STM32F1xx_HAL_Driver/Src/stm32f1xx_hal_i2c.o
 .ARM.attributes
                0x00000000000001d3       0x2d ./Drivers/STM32F1xx_HAL_Driver/Src/stm32f1xx_hal_rcc.o
 .ARM.attributes
                0x0000000000000200       0x2d ./Drivers/STM32F1xx_HAL_Driver/Src/stm32f1xx_ll_exti.o
 .ARM.attributes
                0x000000000000022d       0x2d ./Drivers/STM32F1xx_HAL_Driver/Src/stm32f1xx_ll_gpio.o
 .ARM.attributes
                0x000000000000025a       0x2d ./Drivers/STM32F1xx_HAL_Driver/Src/stm32f1xx_ll_rcc.o
 .ARM.attributes
                0x0000000000000287       0x2d ./Drivers/STM32F1xx_HAL_Driver/Src/stm32f1xx_ll_usart.o
 .ARM.attributes
                0x00000000000002b4       0x2d c:/st/stm32cubeide_1.12.1/stm32cubeide/plugins/com.st.stm32cube.ide.mcu.externaltools.gnu-tools-for-stm32.10.3-2021.10.win32_1.0.200.202301161003/tools/bin/../lib/gcc/arm-none-eabi/10.3.1/../../../../arm-none-eabi/lib/thumb/v7-m/nofp\libc_nano.a(lib_a-init.o)
 .ARM.attributes
                0x00000000000002e1       0x2d c:/st/stm32cubeide_1.12.1/stm32cubeide/plugins/com.st.stm32cube.ide.mcu.externaltools.gnu-tools-for-stm32.10.3-2021.10.win32_1.0.200.202301161003/tools/bin/../lib/gcc/arm-none-eabi/10.3.1/../../../../arm-none-eabi/lib/thumb/v7-m/nofp\libc_nano.a(lib_a-memset.o)
 .ARM.attributes
                0x000000000000030e       0x1d c:/st/stm32cubeide_1.12.1/stm32cubeide/plugins/com.st.stm32cube.ide.mcu.externaltools.gnu-tools-for-stm32.10.3-2021.10.win32_1.0.200.202301161003/tools/bin/../lib/gcc/arm-none-eabi/10.3.1/thumb/v7-m/nofp\libgcc.a(_arm_addsubdf3.o)
 .ARM.attributes
                0x000000000000032b       0x1d c:/st/stm32cubeide_1.12.1/stm32cubeide/plugins/com.st.stm32cube.ide.mcu.externaltools.gnu-tools-for-stm32.10.3-2021.10.win32_1.0.200.202301161003/tools/bin/../lib/gcc/arm-none-eabi/10.3.1/thumb/v7-m/nofp\libgcc.a(_arm_muldivdf3.o)
 .ARM.attributes
                0x0000000000000348       0x1d c:/st/stm32cubeide_1.12.1/stm32cubeide/plugins/com.st.stm32cube.ide.mcu.externaltools.gnu-tools-for-stm32.10.3-2021.10.win32_1.0.200.202301161003/tools/bin/../lib/gcc/arm-none-eabi/10.3.1/thumb/v7-m/nofp\libgcc.a(_arm_truncdfsf2.o)
 .ARM.attributes
                0x0000000000000365       0x1d c:/st/stm32cubeide_1.12.1/stm32cubeide/plugins/com.st.stm32cube.ide.mcu.externaltools.gnu-tools-for-stm32.10.3-2021.10.win32_1.0.200.202301161003/tools/bin/../lib/gcc/arm-none-eabi/10.3.1/thumb/v7-m/nofp\libgcc.a(_arm_addsubsf3.o)
 .ARM.attributes
                0x0000000000000382       0x1d c:/st/stm32cubeide_1.12.1/stm32cubeide/plugins/com.st.stm32cube.ide.mcu.externaltools.gnu-tools-for-stm32.10.3-2021.10.win32_1.0.200.202301161003/tools/bin/../lib/gcc/arm-none-eabi/10.3.1/thumb/v7-m/nofp\libgcc.a(_arm_muldivsf3.o)
 .ARM.attributes
                0x000000000000039f       0x1d c:/st/stm32cubeide_1.12.1/stm32cubeide/plugins/com.st.stm32cube.ide.mcu.externaltools.gnu-tools-for-stm32.10.3-2021.10.win32_1.0.200.202301161003/tools/bin/../lib/gcc/arm-none-eabi/10.3.1/thumb/v7-m/nofp\libgcc.a(_arm_cmpsf2.o)
 .ARM.attributes
                0x00000000000003bc       0x1d c:/st/stm32cubeide_1.12.1/stm32cubeide/plugins/com.st.stm32cube.ide.mcu.externaltools.gnu-tools-for-stm32.10.3-2021.10.win32_1.0.200.202301161003/tools/bin/../lib/gcc/arm-none-eabi/10.3.1/thumb/v7-m/nofp\libgcc.a(_arm_fixunssfsi.o)
 .ARM.attributes
                0x00000000000003d9       0x1d c:/st/stm32cubeide_1.12.1/stm32cubeide/plugins/com.st.stm32cube.ide.mcu.externaltools.gnu-tools-for-stm32.10.3-2021.10.win32_1.0.200.202301161003/tools/bin/../lib/gcc/arm-none-eabi/10.3.1/thumb/v7-m/nofp/crtn.o
OUTPUT(DEMO.elf elf32-littlearm)
LOAD linker stubs
LOAD c:/st/stm32cubeide_1.12.1/stm32cubeide/plugins/com.st.stm32cube.ide.mcu.externaltools.gnu-tools-for-stm32.10.3-2021.10.win32_1.0.200.202301161003/tools/bin/../lib/gcc/arm-none-eabi/10.3.1/../../../../arm-none-eabi/lib/thumb/v7-m/nofp\libc.a
LOAD c:/st/stm32cubeide_1.12.1/stm32cubeide/plugins/com.st.stm32cube.ide.mcu.externaltools.gnu-tools-for-stm32.10.3-2021.10.win32_1.0.200.202301161003/tools/bin/../lib/gcc/arm-none-eabi/10.3.1/../../../../arm-none-eabi/lib/thumb/v7-m/nofp\libm.a
LOAD c:/st/stm32cubeide_1.12.1/stm32cubeide/plugins/com.st.stm32cube.ide.mcu.externaltools.gnu-tools-for-stm32.10.3-2021.10.win32_1.0.200.202301161003/tools/bin/../lib/gcc/arm-none-eabi/10.3.1/thumb/v7-m/nofp\libgcc.a

.debug_info     0x0000000000000000     0x8b65
 .debug_info    0x0000000000000000     0x1fa4 ./Core/Src/main.o
 .debug_info    0x0000000000001fa4      0x8e7 ./Core/Src/stm32f1xx_hal_msp.o
 .debug_info    0x000000000000288b      0x323 ./Core/Src/stm32f1xx_it.o
 .debug_info    0x0000000000002bae      0x23d ./Core/Src/system_stm32f1xx.o
 .debug_info    0x0000000000002deb       0x22 ./Core/Startup/startup_stm32f103c8tx.o
 .debug_info    0x0000000000002e0d      0x734 ./Drivers/STM32F1xx_HAL_Driver/Src/stm32f1xx_hal.o
 .debug_info    0x0000000000003541      0xb20 ./Drivers/STM32F1xx_HAL_Driver/Src/stm32f1xx_hal_cortex.o
 .debug_info    0x0000000000004061      0x615 ./Drivers/STM32F1xx_HAL_Driver/Src/stm32f1xx_hal_gpio.o
 .debug_info    0x0000000000004676     0x2761 ./Drivers/STM32F1xx_HAL_Driver/Src/stm32f1xx_hal_i2c.o
 .debug_info    0x0000000000006dd7      0x865 ./Drivers/STM32F1xx_HAL_Driver/Src/stm32f1xx_hal_rcc.o
 .debug_info    0x000000000000763c      0x366 ./Drivers/STM32F1xx_HAL_Driver/Src/stm32f1xx_ll_exti.o
 .debug_info    0x00000000000079a2      0x5ff ./Drivers/STM32F1xx_HAL_Driver/Src/stm32f1xx_ll_gpio.o
 .debug_info    0x0000000000007fa1      0x5a2 ./Drivers/STM32F1xx_HAL_Driver/Src/stm32f1xx_ll_rcc.o
 .debug_info    0x0000000000008543      0x622 ./Drivers/STM32F1xx_HAL_Driver/Src/stm32f1xx_ll_usart.o

.debug_abbrev   0x0000000000000000     0x1be5
 .debug_abbrev  0x0000000000000000      0x3fd ./Core/Src/main.o
 .debug_abbrev  0x00000000000003fd      0x19b ./Core/Src/stm32f1xx_hal_msp.o
 .debug_abbrev  0x0000000000000598      0x18d ./Core/Src/stm32f1xx_it.o
 .debug_abbrev  0x0000000000000725      0x13b ./Core/Src/system_stm32f1xx.o
 .debug_abbrev  0x0000000000000860       0x12 ./Core/Startup/startup_stm32f103c8tx.o
 .debug_abbrev  0x0000000000000872      0x1fb ./Drivers/STM32F1xx_HAL_Driver/Src/stm32f1xx_hal.o
 .debug_abbrev  0x0000000000000a6d      0x2ed ./Drivers/STM32F1xx_HAL_Driver/Src/stm32f1xx_hal_cortex.o
 .debug_abbrev  0x0000000000000d5a      0x1bb ./Drivers/STM32F1xx_HAL_Driver/Src/stm32f1xx_hal_gpio.o
 .debug_abbrev  0x0000000000000f15      0x288 ./Drivers/STM32F1xx_HAL_Driver/Src/stm32f1xx_hal_i2c.o
 .debug_abbrev  0x000000000000119d      0x2a8 ./Drivers/STM32F1xx_HAL_Driver/Src/stm32f1xx_hal_rcc.o
 .debug_abbrev  0x0000000000001445      0x183 ./Drivers/STM32F1xx_HAL_Driver/Src/stm32f1xx_ll_exti.o
 .debug_abbrev  0x00000000000015c8      0x1fa ./Drivers/STM32F1xx_HAL_Driver/Src/stm32f1xx_ll_gpio.o
 .debug_abbrev  0x00000000000017c2      0x268 ./Drivers/STM32F1xx_HAL_Driver/Src/stm32f1xx_ll_rcc.o
 .debug_abbrev  0x0000000000001a2a      0x1bb ./Drivers/STM32F1xx_HAL_Driver/Src/stm32f1xx_ll_usart.o

.debug_aranges  0x0000000000000000      0xa80
 .debug_aranges
                0x0000000000000000      0x1d8 ./Core/Src/main.o
 .debug_aranges
                0x00000000000001d8       0x30 ./Core/Src/stm32f1xx_hal_msp.o
 .debug_aranges
                0x0000000000000208       0x88 ./Core/Src/stm32f1xx_it.o
 .debug_aranges
                0x0000000000000290       0x28 ./Core/Src/system_stm32f1xx.o
 .debug_aranges
                0x00000000000002b8       0x28 ./Core/Startup/startup_stm32f103c8tx.o
 .debug_aranges
                0x00000000000002e0       0xe0 ./Drivers/STM32F1xx_HAL_Driver/Src/stm32f1xx_hal.o
 .debug_aranges
                0x00000000000003c0      0x100 ./Drivers/STM32F1xx_HAL_Driver/Src/stm32f1xx_hal_cortex.o
 .debug_aranges
                0x00000000000004c0       0x58 ./Drivers/STM32F1xx_HAL_Driver/Src/stm32f1xx_hal_gpio.o
 .debug_aranges
                0x0000000000000518      0x2a8 ./Drivers/STM32F1xx_HAL_Driver/Src/stm32f1xx_hal_i2c.o
 .debug_aranges
                0x00000000000007c0       0x90 ./Drivers/STM32F1xx_HAL_Driver/Src/stm32f1xx_hal_rcc.o
 .debug_aranges
                0x0000000000000850       0x70 ./Drivers/STM32F1xx_HAL_Driver/Src/stm32f1xx_ll_exti.o
 .debug_aranges
                0x00000000000008c0       0x60 ./Drivers/STM32F1xx_HAL_Driver/Src/stm32f1xx_ll_gpio.o
 .debug_aranges
                0x0000000000000920       0xd8 ./Drivers/STM32F1xx_HAL_Driver/Src/stm32f1xx_ll_rcc.o
 .debug_aranges
                0x00000000000009f8       0x88 ./Drivers/STM32F1xx_HAL_Driver/Src/stm32f1xx_ll_usart.o

.debug_ranges   0x0000000000000000      0x9c0
 .debug_ranges  0x0000000000000000      0x1c8 ./Core/Src/main.o
 .debug_ranges  0x00000000000001c8       0x20 ./Core/Src/stm32f1xx_hal_msp.o
 .debug_ranges  0x00000000000001e8       0x78 ./Core/Src/stm32f1xx_it.o
 .debug_ranges  0x0000000000000260       0x18 ./Core/Src/system_stm32f1xx.o
 .debug_ranges  0x0000000000000278       0x20 ./Core/Startup/startup_stm32f103c8tx.o
 .debug_ranges  0x0000000000000298       0xd0 ./Drivers/STM32F1xx_HAL_Driver/Src/stm32f1xx_hal.o
 .debug_ranges  0x0000000000000368       0xf0 ./Drivers/STM32F1xx_HAL_Driver/Src/stm32f1xx_hal_cortex.o
 .debug_ranges  0x0000000000000458       0x48 ./Drivers/STM32F1xx_HAL_Driver/Src/stm32f1xx_hal_gpio.o
 .debug_ranges  0x00000000000004a0      0x2b0 ./Drivers/STM32F1xx_HAL_Driver/Src/stm32f1xx_hal_i2c.o
 .debug_ranges  0x0000000000000750       0x80 ./Drivers/STM32F1xx_HAL_Driver/Src/stm32f1xx_hal_rcc.o
 .debug_ranges  0x00000000000007d0       0x60 ./Drivers/STM32F1xx_HAL_Driver/Src/stm32f1xx_ll_exti.o
 .debug_ranges  0x0000000000000830       0x50 ./Drivers/STM32F1xx_HAL_Driver/Src/stm32f1xx_ll_gpio.o
 .debug_ranges  0x0000000000000880       0xc8 ./Drivers/STM32F1xx_HAL_Driver/Src/stm32f1xx_ll_rcc.o
 .debug_ranges  0x0000000000000948       0x78 ./Drivers/STM32F1xx_HAL_Driver/Src/stm32f1xx_ll_usart.o

.debug_macro    0x0000000000000000    0x17a34
 .debug_macro   0x0000000000000000      0x29f ./Core/Src/main.o
 .debug_macro   0x000000000000029f      0xa72 ./Core/Src/main.o
 .debug_macro   0x0000000000000d11      0x20f ./Core/Src/main.o
 .debug_macro   0x0000000000000f20       0x2e ./Core/Src/main.o
 .debug_macro   0x0000000000000f4e       0x22 ./Core/Src/main.o
 .debug_macro   0x0000000000000f70       0x22 ./Core/Src/main.o
 .debug_macro   0x0000000000000f92       0x8e ./Core/Src/main.o
 .debug_macro   0x0000000000001020       0x51 ./Core/Src/main.o
 .debug_macro   0x0000000000001071      0x103 ./Core/Src/main.o
 .debug_macro   0x0000000000001174       0x6a ./Core/Src/main.o
 .debug_macro   0x00000000000011de      0x1df ./Core/Src/main.o
 .debug_macro   0x00000000000013bd       0x1c ./Core/Src/main.o
 .debug_macro   0x00000000000013d9       0x22 ./Core/Src/main.o
 .debug_macro   0x00000000000013fb       0xbd ./Core/Src/main.o
 .debug_macro   0x00000000000014b8      0xd23 ./Core/Src/main.o
 .debug_macro   0x00000000000021db     0xe09e ./Core/Src/main.o
 .debug_macro   0x0000000000010279       0x6d ./Core/Src/main.o
 .debug_macro   0x00000000000102e6     0x348d ./Core/Src/main.o
 .debug_macro   0x0000000000013773      0x174 ./Core/Src/main.o
 .debug_macro   0x00000000000138e7       0x5c ./Core/Src/main.o
 .debug_macro   0x0000000000013943      0x5bc ./Core/Src/main.o
 .debug_macro   0x0000000000013eff      0x289 ./Core/Src/main.o
 .debug_macro   0x0000000000014188      0x1cb ./Core/Src/main.o
 .debug_macro   0x0000000000014353      0x114 ./Core/Src/main.o
 .debug_macro   0x0000000000014467      0x1b2 ./Core/Src/main.o
 .debug_macro   0x0000000000014619       0x27 ./Core/Src/main.o
 .debug_macro   0x0000000000014640      0x136 ./Core/Src/main.o
 .debug_macro   0x0000000000014776      0x1bc ./Core/Src/main.o
 .debug_macro   0x0000000000014932       0x34 ./Core/Src/main.o
 .debug_macro   0x0000000000014966       0x3c ./Core/Src/main.o
 .debug_macro   0x00000000000149a2       0x57 ./Core/Src/main.o
 .debug_macro   0x00000000000149f9       0x87 ./Core/Src/main.o
 .debug_macro   0x0000000000014a80      0x240 ./Core/Src/main.o
 .debug_macro   0x0000000000014cc0      0x287 ./Core/Src/main.o
 .debug_macro   0x0000000000014f47      0x140 ./Core/Src/main.o
 .debug_macro   0x0000000000015087       0x83 ./Core/Src/main.o
 .debug_macro   0x000000000001510a      0x1b4 ./Core/Src/main.o
 .debug_macro   0x00000000000152be      0x2be ./Core/Src/main.o
 .debug_macro   0x000000000001557c       0xd7 ./Core/Src/main.o
 .debug_macro   0x0000000000015653       0x74 ./Core/Src/main.o
 .debug_macro   0x00000000000156c7       0xd0 ./Core/Src/main.o
 .debug_macro   0x0000000000015797       0x28 ./Core/Src/main.o
 .debug_macro   0x00000000000157bf       0x2a ./Core/Src/main.o
 .debug_macro   0x00000000000157e9       0x90 ./Core/Src/main.o
 .debug_macro   0x0000000000015879      0x287 ./Core/Src/main.o
 .debug_macro   0x0000000000015b00      0x229 ./Core/Src/main.o
 .debug_macro   0x0000000000015d29       0x52 ./Core/Src/main.o
 .debug_macro   0x0000000000015d7b      0x1f7 ./Core/Src/stm32f1xx_hal_msp.o
 .debug_macro   0x0000000000015f72      0x201 ./Core/Src/stm32f1xx_it.o
 .debug_macro   0x0000000000016173      0x18e ./Core/Src/system_stm32f1xx.o
 .debug_macro   0x0000000000016301      0x1b2 ./Drivers/STM32F1xx_HAL_Driver/Src/stm32f1xx_hal.o
 .debug_macro   0x00000000000164b3      0x18e ./Drivers/STM32F1xx_HAL_Driver/Src/stm32f1xx_hal_cortex.o
 .debug_macro   0x0000000000016641      0x1f9 ./Drivers/STM32F1xx_HAL_Driver/Src/stm32f1xx_hal_gpio.o
 .debug_macro   0x000000000001683a      0x1dc ./Drivers/STM32F1xx_HAL_Driver/Src/stm32f1xx_hal_i2c.o
 .debug_macro   0x0000000000016a16      0x1a0 ./Drivers/STM32F1xx_HAL_Driver/Src/stm32f1xx_hal_rcc.o
 .debug_macro   0x0000000000016bb6      0x1b5 ./Drivers/STM32F1xx_HAL_Driver/Src/stm32f1xx_ll_exti.o
 .debug_macro   0x0000000000016d6b       0xca ./Drivers/STM32F1xx_HAL_Driver/Src/stm32f1xx_ll_exti.o
 .debug_macro   0x0000000000016e35      0x1ca ./Drivers/STM32F1xx_HAL_Driver/Src/stm32f1xx_ll_gpio.o
 .debug_macro   0x0000000000016fff      0x223 ./Drivers/STM32F1xx_HAL_Driver/Src/stm32f1xx_ll_gpio.o
 .debug_macro   0x0000000000017222      0x1af ./Drivers/STM32F1xx_HAL_Driver/Src/stm32f1xx_ll_rcc.o
 .debug_macro   0x00000000000173d1      0x2b8 ./Drivers/STM32F1xx_HAL_Driver/Src/stm32f1xx_ll_rcc.o
 .debug_macro   0x0000000000017689      0x1fd ./Drivers/STM32F1xx_HAL_Driver/Src/stm32f1xx_ll_usart.o
 .debug_macro   0x0000000000017886      0x1ae ./Drivers/STM32F1xx_HAL_Driver/Src/stm32f1xx_ll_usart.o

.debug_line     0x0000000000000000     0xb2e2
 .debug_line    0x0000000000000000     0x144b ./Core/Src/main.o
 .debug_line    0x000000000000144b      0x77a ./Core/Src/stm32f1xx_hal_msp.o
 .debug_line    0x0000000000001bc5      0x88f ./Core/Src/stm32f1xx_it.o
 .debug_line    0x0000000000002454      0x6c6 ./Core/Src/system_stm32f1xx.o
 .debug_line    0x0000000000002b1a       0x86 ./Core/Startup/startup_stm32f103c8tx.o
 .debug_line    0x0000000000002ba0      0x8f3 ./Drivers/STM32F1xx_HAL_Driver/Src/stm32f1xx_hal.o
 .debug_line    0x0000000000003493      0xadb ./Drivers/STM32F1xx_HAL_Driver/Src/stm32f1xx_hal_cortex.o
 .debug_line    0x0000000000003f6e      0x98c ./Drivers/STM32F1xx_HAL_Driver/Src/stm32f1xx_hal_gpio.o
 .debug_line    0x00000000000048fa     0x3a59 ./Drivers/STM32F1xx_HAL_Driver/Src/stm32f1xx_hal_i2c.o
 .debug_line    0x0000000000008353      0xcff ./Drivers/STM32F1xx_HAL_Driver/Src/stm32f1xx_hal_rcc.o
 .debug_line    0x0000000000009052      0x7bd ./Drivers/STM32F1xx_HAL_Driver/Src/stm32f1xx_ll_exti.o
 .debug_line    0x000000000000980f      0x8aa ./Drivers/STM32F1xx_HAL_Driver/Src/stm32f1xx_ll_gpio.o
 .debug_line    0x000000000000a0b9      0x9bc ./Drivers/STM32F1xx_HAL_Driver/Src/stm32f1xx_ll_rcc.o
 .debug_line    0x000000000000aa75      0x86d ./Drivers/STM32F1xx_HAL_Driver/Src/stm32f1xx_ll_usart.o

.debug_str      0x0000000000000000    0x84f95
 .debug_str     0x0000000000000000    0x824f0 ./Core/Src/main.o
                                      0x82ade (size before relaxing)
 .debug_str     0x00000000000824f0       0x71 ./Core/Src/stm32f1xx_hal_msp.o
                                      0x81d2d (size before relaxing)
 .debug_str     0x0000000000082561      0x155 ./Core/Src/stm32f1xx_it.o
                                      0x8193b (size before relaxing)
 .debug_str     0x00000000000826b6       0x7e ./Core/Src/system_stm32f1xx.o
                                      0x7c492 (size before relaxing)
 .debug_str     0x0000000000082734       0x48 ./Core/Startup/startup_stm32f103c8tx.o
 .debug_str     0x000000000008277c      0x38b ./Drivers/STM32F1xx_HAL_Driver/Src/stm32f1xx_hal.o
                                      0x7cbc5 (size before relaxing)
 .debug_str     0x0000000000082b07      0x1a4 ./Drivers/STM32F1xx_HAL_Driver/Src/stm32f1xx_hal_cortex.o
                                      0x7cb11 (size before relaxing)
 .debug_str     0x0000000000082cab      0x2ff ./Drivers/STM32F1xx_HAL_Driver/Src/stm32f1xx_hal_gpio.o
                                      0x7c818 (size before relaxing)
 .debug_str     0x0000000000082faa      0xb99 ./Drivers/STM32F1xx_HAL_Driver/Src/stm32f1xx_hal_i2c.o
                                      0x7d559 (size before relaxing)
 .debug_str     0x0000000000083b43      0x209 ./Drivers/STM32F1xx_HAL_Driver/Src/stm32f1xx_hal_rcc.o
                                      0x7c8c1 (size before relaxing)
 .debug_str     0x0000000000083d4c      0x2ed ./Drivers/STM32F1xx_HAL_Driver/Src/stm32f1xx_ll_exti.o
                                      0x7cb99 (size before relaxing)
 .debug_str     0x0000000000084039      0x3b2 ./Drivers/STM32F1xx_HAL_Driver/Src/stm32f1xx_ll_gpio.o
                                      0x7ddb7 (size before relaxing)
 .debug_str     0x00000000000843eb      0x3a9 ./Drivers/STM32F1xx_HAL_Driver/Src/stm32f1xx_ll_rcc.o
                                      0x7d93e (size before relaxing)
 .debug_str     0x0000000000084794      0x801 ./Drivers/STM32F1xx_HAL_Driver/Src/stm32f1xx_ll_usart.o
                                      0x7f1bf (size before relaxing)

.comment        0x0000000000000000       0x50
 .comment       0x0000000000000000       0x50 ./Core/Src/main.o
                                         0x51 (size before relaxing)
 .comment       0x0000000000000050       0x51 ./Core/Src/stm32f1xx_hal_msp.o
 .comment       0x0000000000000050       0x51 ./Core/Src/stm32f1xx_it.o
 .comment       0x0000000000000050       0x51 ./Core/Src/system_stm32f1xx.o
 .comment       0x0000000000000050       0x51 ./Drivers/STM32F1xx_HAL_Driver/Src/stm32f1xx_hal.o
 .comment       0x0000000000000050       0x51 ./Drivers/STM32F1xx_HAL_Driver/Src/stm32f1xx_hal_cortex.o
 .comment       0x0000000000000050       0x51 ./Drivers/STM32F1xx_HAL_Driver/Src/stm32f1xx_hal_gpio.o
 .comment       0x0000000000000050       0x51 ./Drivers/STM32F1xx_HAL_Driver/Src/stm32f1xx_hal_i2c.o
 .comment       0x0000000000000050       0x51 ./Drivers/STM32F1xx_HAL_Driver/Src/stm32f1xx_hal_rcc.o
 .comment       0x0000000000000050       0x51 ./Drivers/STM32F1xx_HAL_Driver/Src/stm32f1xx_ll_exti.o
 .comment       0x0000000000000050       0x51 ./Drivers/STM32F1xx_HAL_Driver/Src/stm32f1xx_ll_gpio.o
 .comment       0x0000000000000050       0x51 ./Drivers/STM32F1xx_HAL_Driver/Src/stm32f1xx_ll_rcc.o
 .comment       0x0000000000000050       0x51 ./Drivers/STM32F1xx_HAL_Driver/Src/stm32f1xx_ll_usart.o

.debug_frame    0x0000000000000000     0x2d24
 .debug_frame   0x0000000000000000      0x7d8 ./Core/Src/main.o
 .debug_frame   0x00000000000007d8       0x80 ./Core/Src/stm32f1xx_hal_msp.o
 .debug_frame   0x0000000000000858      0x1a8 ./Core/Src/stm32f1xx_it.o
 .debug_frame   0x0000000000000a00       0x58 ./Core/Src/system_stm32f1xx.o
 .debug_frame   0x0000000000000a58      0x334 ./Drivers/STM32F1xx_HAL_Driver/Src/stm32f1xx_hal.o
 .debug_frame   0x0000000000000d8c      0x428 ./Drivers/STM32F1xx_HAL_Driver/Src/stm32f1xx_hal_cortex.o
 .debug_frame   0x00000000000011b4      0x14c ./Drivers/STM32F1xx_HAL_Driver/Src/stm32f1xx_hal_gpio.o
 .debug_frame   0x0000000000001300      0xc84 ./Drivers/STM32F1xx_HAL_Driver/Src/stm32f1xx_hal_i2c.o
 .debug_frame   0x0000000000001f84      0x218 ./Drivers/STM32F1xx_HAL_Driver/Src/stm32f1xx_hal_rcc.o
 .debug_frame   0x000000000000219c      0x1bc ./Drivers/STM32F1xx_HAL_Driver/Src/stm32f1xx_ll_exti.o
 .debug_frame   0x0000000000002358      0x170 ./Drivers/STM32F1xx_HAL_Driver/Src/stm32f1xx_ll_gpio.o
 .debug_frame   0x00000000000024c8      0x34c ./Drivers/STM32F1xx_HAL_Driver/Src/stm32f1xx_ll_rcc.o
 .debug_frame   0x0000000000002814      0x234 ./Drivers/STM32F1xx_HAL_Driver/Src/stm32f1xx_ll_usart.o
 .debug_frame   0x0000000000002a48       0x2c c:/st/stm32cubeide_1.12.1/stm32cubeide/plugins/com.st.stm32cube.ide.mcu.externaltools.gnu-tools-for-stm32.10.3-2021.10.win32_1.0.200.202301161003/tools/bin/../lib/gcc/arm-none-eabi/10.3.1/../../../../arm-none-eabi/lib/thumb/v7-m/nofp\libc_nano.a(lib_a-init.o)
 .debug_frame   0x0000000000002a74       0x20 c:/st/stm32cubeide_1.12.1/stm32cubeide/plugins/com.st.stm32cube.ide.mcu.externaltools.gnu-tools-for-stm32.10.3-2021.10.win32_1.0.200.202301161003/tools/bin/../lib/gcc/arm-none-eabi/10.3.1/../../../../arm-none-eabi/lib/thumb/v7-m/nofp\libc_nano.a(lib_a-memset.o)
 .debug_frame   0x0000000000002a94       0xac c:/st/stm32cubeide_1.12.1/stm32cubeide/plugins/com.st.stm32cube.ide.mcu.externaltools.gnu-tools-for-stm32.10.3-2021.10.win32_1.0.200.202301161003/tools/bin/../lib/gcc/arm-none-eabi/10.3.1/thumb/v7-m/nofp\libgcc.a(_arm_addsubdf3.o)
 .debug_frame   0x0000000000002b40       0x50 c:/st/stm32cubeide_1.12.1/stm32cubeide/plugins/com.st.stm32cube.ide.mcu.externaltools.gnu-tools-for-stm32.10.3-2021.10.win32_1.0.200.202301161003/tools/bin/../lib/gcc/arm-none-eabi/10.3.1/thumb/v7-m/nofp\libgcc.a(_arm_muldivdf3.o)
 .debug_frame   0x0000000000002b90       0x24 c:/st/stm32cubeide_1.12.1/stm32cubeide/plugins/com.st.stm32cube.ide.mcu.externaltools.gnu-tools-for-stm32.10.3-2021.10.win32_1.0.200.202301161003/tools/bin/../lib/gcc/arm-none-eabi/10.3.1/thumb/v7-m/nofp\libgcc.a(_arm_truncdfsf2.o)
 .debug_frame   0x0000000000002bb4       0x4c c:/st/stm32cubeide_1.12.1/stm32cubeide/plugins/com.st.stm32cube.ide.mcu.externaltools.gnu-tools-for-stm32.10.3-2021.10.win32_1.0.200.202301161003/tools/bin/../lib/gcc/arm-none-eabi/10.3.1/thumb/v7-m/nofp\libgcc.a(_arm_addsubsf3.o)
 .debug_frame   0x0000000000002c00       0x38 c:/st/stm32cubeide_1.12.1/stm32cubeide/plugins/com.st.stm32cube.ide.mcu.externaltools.gnu-tools-for-stm32.10.3-2021.10.win32_1.0.200.202301161003/tools/bin/../lib/gcc/arm-none-eabi/10.3.1/thumb/v7-m/nofp\libgcc.a(_arm_muldivsf3.o)
 .debug_frame   0x0000000000002c38       0xc8 c:/st/stm32cubeide_1.12.1/stm32cubeide/plugins/com.st.stm32cube.ide.mcu.externaltools.gnu-tools-for-stm32.10.3-2021.10.win32_1.0.200.202301161003/tools/bin/../lib/gcc/arm-none-eabi/10.3.1/thumb/v7-m/nofp\libgcc.a(_arm_cmpsf2.o)
 .debug_frame   0x0000000000002d00       0x24 c:/st/stm32cubeide_1.12.1/stm32cubeide/plugins/com.st.stm32cube.ide.mcu.externaltools.gnu-tools-for-stm32.10.3-2021.10.win32_1.0.200.202301161003/tools/bin/../lib/gcc/arm-none-eabi/10.3.1/thumb/v7-m/nofp\libgcc.a(_arm_fixunssfsi.o)
