../Drivers/CMSIS/Include/core_cm3.h:1499:26:__NVIC_GetPriorityGrouping	4	static
../Drivers/CMSIS/Include/core_cm3.h:1511:22:__NVIC_EnableIRQ	16	static
../Drivers/CMSIS/Include/core_cm3.h:1639:22:__NVIC_SetPriority	16	static
../Drivers/CMSIS/Include/core_cm3.h:1686:26:NVIC_EncodePriority	40	static
../Drivers/STM32F1xx_HAL_Driver/Inc/stm32f1xx_ll_usart.h:412:22:LL_USART_Enable	16	static
../Drivers/STM32F1xx_HAL_Driver/Inc/stm32f1xx_ll_usart.h:1527:22:LL_USART_ConfigAsyncMode	16	static
../Drivers/STM32F1xx_HAL_Driver/Inc/stm32f1xx_ll_usart.h:1840:26:LL_USART_IsActiveFlag_RXNE	16	static
../Drivers/STM32F1xx_HAL_Driver/Inc/stm32f1xx_ll_usart.h:1851:26:LL_USART_IsActiveFlag_TC	16	static
../Drivers/STM32F1xx_HAL_Driver/Inc/stm32f1xx_ll_usart.h:2027:22:LL_USART_ClearFlag_RXNE	16	static
../Drivers/STM32F1xx_HAL_Driver/Inc/stm32f1xx_ll_usart.h:2083:22:LL_USART_EnableIT_RXNE	40	static,ignoring_inline_asm
../Drivers/STM32F1xx_HAL_Driver/Inc/stm32f1xx_ll_usart.h:2451:25:LL_USART_ReceiveData8	16	static
../Drivers/STM32F1xx_HAL_Driver/Inc/stm32f1xx_ll_usart.h:2474:22:LL_USART_TransmitData8	16	static
../Drivers/STM32F1xx_HAL_Driver/Inc/stm32f1xx_ll_bus.h:445:22:LL_APB1_GRP1_EnableClock	24	static
../Drivers/STM32F1xx_HAL_Driver/Inc/stm32f1xx_ll_bus.h:761:22:LL_APB2_GRP1_EnableClock	24	static
../Drivers/STM32F1xx_HAL_Driver/Inc/stm32f1xx_ll_gpio.h:341:22:LL_GPIO_SetPinMode	40	static,ignoring_inline_asm
../Drivers/STM32F1xx_HAL_Driver/Inc/stm32f1xx_ll_gpio.h:722:26:LL_GPIO_IsInputPinSet	16	static
../Drivers/STM32F1xx_HAL_Driver/Inc/stm32f1xx_ll_gpio.h:803:22:LL_GPIO_SetOutputPin	16	static
../Drivers/STM32F1xx_HAL_Driver/Inc/stm32f1xx_ll_gpio.h:832:22:LL_GPIO_ResetOutputPin	16	static
../Drivers/STM32F1xx_HAL_Driver/Inc/stm32f1xx_ll_gpio.h:861:22:LL_GPIO_TogglePin	24	static
../Drivers/STM32F1xx_HAL_Driver/Inc/stm32f1xx_ll_gpio.h:2263:22:LL_GPIO_AF_SetEXTISource	24	static,ignoring_inline_asm
../Core/Src/main.c:107:6:Led1_On	8	static
../Core/Src/main.c:108:6:Led1_Off	8	static
../Core/Src/main.c:109:6:Led2_On	8	static
../Core/Src/main.c:110:6:Led2_Off	8	static
../Core/Src/main.c:111:6:Led3_On	8	static
../Core/Src/main.c:112:6:Led3_Off	8	static
../Core/Src/main.c:113:6:Relay_On	8	static
../Core/Src/main.c:114:6:Relay_Off	8	static
../Core/Src/main.c:165:5:main	8	static
../Core/Src/main.c:241:6:SystemClock_Config	72	static
../Core/Src/main.c:281:13:MX_I2C1_Init	8	static
../Core/Src/main.c:315:13:MX_USART2_UART_Init	56	static
../Core/Src/main.c:372:13:MX_USART3_UART_Init	56	static
../Core/Src/main.c:429:13:MX_GPIO_Init	40	static
../Core/Src/main.c:495:6:SysTick_Init	16	static
../Core/Src/main.c:503:6:Delay_ms	24	static
../Core/Src/main.c:512:6:SysTick_Interrupt	8	static
../Core/Src/main.c:527:6:Lora_Send	16	static
../Core/Src/main.c:533:6:Lora_Buffer_Write	16	static
../Core/Src/main.c:539:6:ACK_Send	8	static
../Core/Src/main.c:545:6:NAK_Send	8	static
../Core/Src/main.c:551:6:Frame_Send	32	static
../Core/Src/main.c:560:6:Frame_Process	24	static
../Core/Src/main.c:600:6:FeedBack	8	static
../Core/Src/main.c:615:6:float2ascii	40	static
../Core/Src/main.c:663:6:Buffer_Clear	24	static
../Core/Src/main.c:668:10:CRC_Cal	32	static
../Core/Src/main.c:686:6:Modbus_configframe	32	static
../Core/Src/main.c:704:9:ModBus_Read	40	static
../Core/Src/main.c:734:6:Send_Data	48	static
../Core/Src/main.c:773:6:USART3_RXNE_CallBack	16	static
../Core/Src/main.c:808:6:USART2_RXNE_CallBack	16	static
../Core/Src/main.c:827:7:pH_Cal	16	static
../Core/Src/main.c:832:9:ADS1115_Init	16	static
../Core/Src/main.c:837:7:Read_Voltage	32	static
../Core/Src/main.c:864:6:Error_Handler	8	static,ignoring_inline_asm
